// Jest Snapshot v1, https://goo.gl/fbAQLP

exports[`SearchInput matches the snapshot 1`] = `
<div
  className="sc-bdVaJa GVVpO"
>
  <div
    className="ui search"
    onBlur={[Function]}
    onFocus={[Function]}
    onMouseDown={[Function]}
  >
    <div
      className="ui left icon input"
    >
      <input
        autoComplete="off"
        className="prompt"
        onChange={[Function]}
        onClick={[Function]}
        placeholder=""
        tabIndex="0"
        type="text"
        value=""
      />
      <i
        aria-hidden="true"
        className="search icon"
      />
    </div>
    <div
      className="results transition"
    >
      <div
        className="message empty"
      >
        <div
          className="header"
        >
          No results found.
        </div>
      </div>
    </div>
  </div>
</div>
`;
